// Jest Snapshot v1, https://goo.gl/fbAQLP

exports[`TextForm スナップショットテスト 1`] = `
<body>
  <div>
    <div
      class="MuiFormControl-root MuiTextField-root"
    >
      <label
        class="MuiFormLabel-root MuiFormLabel-colorSecondary MuiInputLabel-root MuiInputLabel-formControl MuiInputLabel-animated MuiInputLabel-shrink MuiInputLabel-filled Mui-error Mui-error MuiFormLabel-filled Mui-focused Mui-focused Mui-required Mui-required"
        data-shrink="true"
      >
        label
        <span
          aria-hidden="true"
          class="MuiFormLabel-asterisk MuiInputLabel-asterisk Mui-error Mui-error"
        >
           
          *
        </span>
      </label>
      <div
        class="MuiInputBase-root MuiFilledInput-root MuiFilledInput-underline MuiInputBase-colorSecondary MuiFilledInput-colorSecondary Mui-error Mui-error Mui-focused Mui-focused MuiInputBase-formControl"
      >
        <input
          aria-invalid="true"
          autocomplete="autoComplete"
          class="MuiInputBase-input MuiFilledInput-input"
          name="name"
          required=""
          rows="2"
          type="text"
          value="defaultValue"
        />
      </div>
      <p
        class="MuiFormHelperText-root MuiFormHelperText-contained Mui-error MuiFormHelperText-filled Mui-focused Mui-required"
      >
        helperText
      </p>
    </div>
  </div>
</body>
`;
